// Jest Snapshot v1, https://goo.gl/fbAQLP

exports[`Sidebar should correctly render components based on structList 1`] = `
<div
  className="sidecat-sidebar"
>
  <div
    className="sidecat-categories"
  >
    <div
      className="sidecat-category"
      onClick={[Function]}
    >
      <div
        className="label"
      >
        Cat One
      </div>
    </div>
  </div>
  <div
    className="sidecat-slider"
  >
    <div
      className="slider"
      onMouseDown={[Function]}
    >
      <div
        className="track"
      >
        <div
          className="cover"
          style={
            Object {
              "width": "0px",
            }
          }
        />
      </div>
      <div
        className="knob"
        style={
          Object {
            "MozTransform": "translateX(0px)",
            "WebkitTransform": "translateX(0px)",
            "msTransform": "translateX(0px)",
            "transform": "translateX(0px)",
          }
        }
      />
    </div>
  </div>
  <div
    className="sidecat-checkbox"
  >
    <div
      className="checkbox"
      onClick={[Function]}
    />
    <label>
      Bar
    </label>
  </div>
</div>
`;
