// Jest Snapshot v1, https://goo.gl/fbAQLP

exports[`Checkbox changes the class when it is checked by default 1`] = `
<div
  className="sidecat-checkbox checked"
>
  <div
    className="checkbox"
    onClick={[Function]}
  >
    <div
      className="check"
    />
  </div>
  <label>
    foo
  </label>
</div>
`;
